[0.882s] DEBUG:colcon:Command line arguments: ['/usr/bin/colcon', 'list', '-p', '--base-paths', '/home/greyhat/Desktop/roboken2024/dojo2024_ws']
[0.882s] DEBUG:colcon:Parsed command line arguments: Namespace(log_base=None, log_level=None, verb_name='list', build_base='build', ignore_user_meta=False, metas=['./colcon.meta'], base_paths=['/home/greyhat/Desktop/roboken2024/dojo2024_ws'], packages_ignore=None, packages_ignore_regex=None, paths=None, packages_up_to=None, packages_up_to_regex=None, packages_above=None, packages_above_and_dependencies=None, packages_above_depth=None, packages_select_by_dep=None, packages_skip_by_dep=None, packages_skip_up_to=None, packages_select_build_failed=False, packages_skip_build_finished=False, packages_select_test_failures=False, packages_skip_test_passed=False, packages_select=None, packages_skip=None, packages_select_regex=None, packages_skip_regex=None, packages_start=None, packages_end=None, allow_overriding=[], topological_order=False, names_only=False, paths_only=True, topological_graph=False, topological_graph_dot=False, topological_graph_density=False, topological_graph_legend=False, topological_graph_dot_cluster=False, topological_graph_dot_include_skipped=False, mixin_files=None, mixin=None, verb_parser=<colcon_mixin.mixin.mixin_argument.MixinArgumentDecorator object at 0x728556c475e0>, verb_extension=<colcon_package_information.verb.list.ListVerb object at 0x728556d27640>, main=<bound method ListVerb.main of <colcon_package_information.verb.list.ListVerb object at 0x728556d27640>>, mixin_verb=('list',))
[1.727s] Level 1:colcon.colcon_core.package_discovery:discover_packages(colcon_meta) check parameters
[1.728s] Level 1:colcon.colcon_core.package_discovery:discover_packages(recursive) check parameters
[1.728s] Level 1:colcon.colcon_core.package_discovery:discover_packages(ignore) check parameters
[1.728s] Level 1:colcon.colcon_core.package_discovery:discover_packages(path) check parameters
[1.728s] Level 1:colcon.colcon_core.package_discovery:discover_packages(recursive) discover
[1.728s] INFO:colcon.colcon_core.package_discovery:Crawling recursively for packages in '/home/greyhat/Desktop/roboken2024/dojo2024_ws'
[1.729s] Level 1:colcon.colcon_core.package_identification:_identify(/home/greyhat/Desktop/roboken2024/dojo2024_ws) by extensions ['ignore', 'ignore_ament_install']
[1.730s] Level 1:colcon.colcon_core.package_identification:_identify(/home/greyhat/Desktop/roboken2024/dojo2024_ws) by extension 'ignore'
[1.730s] Level 1:colcon.colcon_core.package_identification:_identify(/home/greyhat/Desktop/roboken2024/dojo2024_ws) by extension 'ignore_ament_install'
[1.730s] Level 1:colcon.colcon_core.package_identification:_identify(/home/greyhat/Desktop/roboken2024/dojo2024_ws) by extensions ['colcon_pkg']
[1.730s] Level 1:colcon.colcon_core.package_identification:_identify(/home/greyhat/Desktop/roboken2024/dojo2024_ws) by extension 'colcon_pkg'
[1.730s] Level 1:colcon.colcon_core.package_identification:_identify(/home/greyhat/Desktop/roboken2024/dojo2024_ws) by extensions ['colcon_meta']
[1.730s] Level 1:colcon.colcon_core.package_identification:_identify(/home/greyhat/Desktop/roboken2024/dojo2024_ws) by extension 'colcon_meta'
[1.730s] Level 1:colcon.colcon_core.package_identification:_identify(/home/greyhat/Desktop/roboken2024/dojo2024_ws) by extensions ['ros']
[1.730s] Level 1:colcon.colcon_core.package_identification:_identify(/home/greyhat/Desktop/roboken2024/dojo2024_ws) by extension 'ros'
[1.762s] Level 1:colcon.colcon_core.package_identification:_identify(/home/greyhat/Desktop/roboken2024/dojo2024_ws) by extensions ['cmake', 'python']
[1.762s] Level 1:colcon.colcon_core.package_identification:_identify(/home/greyhat/Desktop/roboken2024/dojo2024_ws) by extension 'cmake'
[1.763s] Level 1:colcon.colcon_core.package_identification:_identify(/home/greyhat/Desktop/roboken2024/dojo2024_ws) by extension 'python'
[1.763s] Level 1:colcon.colcon_core.package_identification:_identify(/home/greyhat/Desktop/roboken2024/dojo2024_ws) by extensions ['python_setup_py']
[1.763s] Level 1:colcon.colcon_core.package_identification:_identify(/home/greyhat/Desktop/roboken2024/dojo2024_ws) by extension 'python_setup_py'
[1.763s] Level 1:colcon.colcon_core.package_identification:_identify(/home/greyhat/Desktop/roboken2024/dojo2024_ws/build) by extensions ['ignore', 'ignore_ament_install']
[1.764s] Level 1:colcon.colcon_core.package_identification:_identify(/home/greyhat/Desktop/roboken2024/dojo2024_ws/build) by extension 'ignore'
[1.764s] Level 1:colcon.colcon_core.package_identification:_identify(/home/greyhat/Desktop/roboken2024/dojo2024_ws/build) ignored
[1.765s] Level 1:colcon.colcon_core.package_identification:_identify(/home/greyhat/Desktop/roboken2024/dojo2024_ws/install) by extensions ['ignore', 'ignore_ament_install']
[1.765s] Level 1:colcon.colcon_core.package_identification:_identify(/home/greyhat/Desktop/roboken2024/dojo2024_ws/install) by extension 'ignore'
[1.765s] Level 1:colcon.colcon_core.package_identification:_identify(/home/greyhat/Desktop/roboken2024/dojo2024_ws/install) ignored
[1.765s] Level 1:colcon.colcon_core.package_identification:_identify(/home/greyhat/Desktop/roboken2024/dojo2024_ws/log) by extensions ['ignore', 'ignore_ament_install']
[1.765s] Level 1:colcon.colcon_core.package_identification:_identify(/home/greyhat/Desktop/roboken2024/dojo2024_ws/log) by extension 'ignore'
[1.766s] Level 1:colcon.colcon_core.package_identification:_identify(/home/greyhat/Desktop/roboken2024/dojo2024_ws/log) ignored
[1.766s] Level 1:colcon.colcon_core.package_identification:_identify(/home/greyhat/Desktop/roboken2024/dojo2024_ws/src) by extensions ['ignore', 'ignore_ament_install']
[1.766s] Level 1:colcon.colcon_core.package_identification:_identify(/home/greyhat/Desktop/roboken2024/dojo2024_ws/src) by extension 'ignore'
[1.767s] Level 1:colcon.colcon_core.package_identification:_identify(/home/greyhat/Desktop/roboken2024/dojo2024_ws/src) by extension 'ignore_ament_install'
[1.767s] Level 1:colcon.colcon_core.package_identification:_identify(/home/greyhat/Desktop/roboken2024/dojo2024_ws/src) by extensions ['colcon_pkg']
[1.767s] Level 1:colcon.colcon_core.package_identification:_identify(/home/greyhat/Desktop/roboken2024/dojo2024_ws/src) by extension 'colcon_pkg'
[1.768s] Level 1:colcon.colcon_core.package_identification:_identify(/home/greyhat/Desktop/roboken2024/dojo2024_ws/src) by extensions ['colcon_meta']
[1.768s] Level 1:colcon.colcon_core.package_identification:_identify(/home/greyhat/Desktop/roboken2024/dojo2024_ws/src) by extension 'colcon_meta'
[1.768s] Level 1:colcon.colcon_core.package_identification:_identify(/home/greyhat/Desktop/roboken2024/dojo2024_ws/src) by extensions ['ros']
[1.768s] Level 1:colcon.colcon_core.package_identification:_identify(/home/greyhat/Desktop/roboken2024/dojo2024_ws/src) by extension 'ros'
[1.768s] Level 1:colcon.colcon_core.package_identification:_identify(/home/greyhat/Desktop/roboken2024/dojo2024_ws/src) by extensions ['cmake', 'python']
[1.768s] Level 1:colcon.colcon_core.package_identification:_identify(/home/greyhat/Desktop/roboken2024/dojo2024_ws/src) by extension 'cmake'
[1.768s] Level 1:colcon.colcon_core.package_identification:_identify(/home/greyhat/Desktop/roboken2024/dojo2024_ws/src) by extension 'python'
[1.768s] Level 1:colcon.colcon_core.package_identification:_identify(/home/greyhat/Desktop/roboken2024/dojo2024_ws/src) by extensions ['python_setup_py']
[1.769s] Level 1:colcon.colcon_core.package_identification:_identify(/home/greyhat/Desktop/roboken2024/dojo2024_ws/src) by extension 'python_setup_py'
[1.769s] Level 1:colcon.colcon_core.package_identification:_identify(/home/greyhat/Desktop/roboken2024/dojo2024_ws/src/robot_bringup) by extensions ['ignore', 'ignore_ament_install']
[1.770s] Level 1:colcon.colcon_core.package_identification:_identify(/home/greyhat/Desktop/roboken2024/dojo2024_ws/src/robot_bringup) by extension 'ignore'
[1.771s] Level 1:colcon.colcon_core.package_identification:_identify(/home/greyhat/Desktop/roboken2024/dojo2024_ws/src/robot_bringup) by extension 'ignore_ament_install'
[1.771s] Level 1:colcon.colcon_core.package_identification:_identify(/home/greyhat/Desktop/roboken2024/dojo2024_ws/src/robot_bringup) by extensions ['colcon_pkg']
[1.771s] Level 1:colcon.colcon_core.package_identification:_identify(/home/greyhat/Desktop/roboken2024/dojo2024_ws/src/robot_bringup) by extension 'colcon_pkg'
[1.771s] Level 1:colcon.colcon_core.package_identification:_identify(/home/greyhat/Desktop/roboken2024/dojo2024_ws/src/robot_bringup) by extensions ['colcon_meta']
[1.771s] Level 1:colcon.colcon_core.package_identification:_identify(/home/greyhat/Desktop/roboken2024/dojo2024_ws/src/robot_bringup) by extension 'colcon_meta'
[1.772s] Level 1:colcon.colcon_core.package_identification:_identify(/home/greyhat/Desktop/roboken2024/dojo2024_ws/src/robot_bringup) by extensions ['ros']
[1.772s] Level 1:colcon.colcon_core.package_identification:_identify(/home/greyhat/Desktop/roboken2024/dojo2024_ws/src/robot_bringup) by extension 'ros'
[1.779s] DEBUG:colcon.colcon_core.package_identification:Package '/home/greyhat/Desktop/roboken2024/dojo2024_ws/src/robot_bringup' with type 'ros.ament_python' and name 'robot_bringup'
[1.780s] Level 1:colcon.colcon_core.package_discovery:discover_packages(recursive) using defaults
