[0.711s] DEBUG:colcon:Command line arguments: ['/usr/bin/colcon', 'list', '-p', '--base-paths', '/home/greyhat/Desktop/dojo2024']
[0.711s] DEBUG:colcon:Parsed command line arguments: Namespace(log_base=None, log_level=None, verb_name='list', build_base='build', ignore_user_meta=False, metas=['./colcon.meta'], base_paths=['/home/greyhat/Desktop/dojo2024'], packages_ignore=None, packages_ignore_regex=None, paths=None, packages_up_to=None, packages_up_to_regex=None, packages_above=None, packages_above_and_dependencies=None, packages_above_depth=None, packages_select_by_dep=None, packages_skip_by_dep=None, packages_skip_up_to=None, packages_select_build_failed=False, packages_skip_build_finished=False, packages_select_test_failures=False, packages_skip_test_passed=False, packages_select=None, packages_skip=None, packages_select_regex=None, packages_skip_regex=None, packages_start=None, packages_end=None, allow_overriding=[], topological_order=False, names_only=False, paths_only=True, topological_graph=False, topological_graph_dot=False, topological_graph_density=False, topological_graph_legend=False, topological_graph_dot_cluster=False, topological_graph_dot_include_skipped=False, mixin_files=None, mixin=None, verb_parser=<colcon_mixin.mixin.mixin_argument.MixinArgumentDecorator object at 0x776b6ca03670>, verb_extension=<colcon_package_information.verb.list.ListVerb object at 0x776b6cadf6d0>, main=<bound method ListVerb.main of <colcon_package_information.verb.list.ListVerb object at 0x776b6cadf6d0>>, mixin_verb=('list',))
[1.505s] Level 1:colcon.colcon_core.package_discovery:discover_packages(colcon_meta) check parameters
[1.506s] Level 1:colcon.colcon_core.package_discovery:discover_packages(recursive) check parameters
[1.506s] Level 1:colcon.colcon_core.package_discovery:discover_packages(ignore) check parameters
[1.507s] Level 1:colcon.colcon_core.package_discovery:discover_packages(path) check parameters
[1.508s] Level 1:colcon.colcon_core.package_discovery:discover_packages(recursive) discover
[1.508s] INFO:colcon.colcon_core.package_discovery:Crawling recursively for packages in '/home/greyhat/Desktop/dojo2024'
[1.509s] Level 1:colcon.colcon_core.package_identification:_identify(/home/greyhat/Desktop/dojo2024) by extensions ['ignore', 'ignore_ament_install']
[1.510s] Level 1:colcon.colcon_core.package_identification:_identify(/home/greyhat/Desktop/dojo2024) by extension 'ignore'
[1.511s] Level 1:colcon.colcon_core.package_identification:_identify(/home/greyhat/Desktop/dojo2024) by extension 'ignore_ament_install'
[1.511s] Level 1:colcon.colcon_core.package_identification:_identify(/home/greyhat/Desktop/dojo2024) by extensions ['colcon_pkg']
[1.511s] Level 1:colcon.colcon_core.package_identification:_identify(/home/greyhat/Desktop/dojo2024) by extension 'colcon_pkg'
[1.511s] Level 1:colcon.colcon_core.package_identification:_identify(/home/greyhat/Desktop/dojo2024) by extensions ['colcon_meta']
[1.512s] Level 1:colcon.colcon_core.package_identification:_identify(/home/greyhat/Desktop/dojo2024) by extension 'colcon_meta'
[1.512s] Level 1:colcon.colcon_core.package_identification:_identify(/home/greyhat/Desktop/dojo2024) by extensions ['ros']
[1.512s] Level 1:colcon.colcon_core.package_identification:_identify(/home/greyhat/Desktop/dojo2024) by extension 'ros'
[1.561s] Level 1:colcon.colcon_core.package_identification:_identify(/home/greyhat/Desktop/dojo2024) by extensions ['cmake', 'python']
[1.561s] Level 1:colcon.colcon_core.package_identification:_identify(/home/greyhat/Desktop/dojo2024) by extension 'cmake'
[1.561s] Level 1:colcon.colcon_core.package_identification:_identify(/home/greyhat/Desktop/dojo2024) by extension 'python'
[1.561s] Level 1:colcon.colcon_core.package_identification:_identify(/home/greyhat/Desktop/dojo2024) by extensions ['python_setup_py']
[1.561s] Level 1:colcon.colcon_core.package_identification:_identify(/home/greyhat/Desktop/dojo2024) by extension 'python_setup_py'
[1.562s] Level 1:colcon.colcon_core.package_identification:_identify(/home/greyhat/Desktop/dojo2024/build) by extensions ['ignore', 'ignore_ament_install']
[1.562s] Level 1:colcon.colcon_core.package_identification:_identify(/home/greyhat/Desktop/dojo2024/build) by extension 'ignore'
[1.562s] Level 1:colcon.colcon_core.package_identification:_identify(/home/greyhat/Desktop/dojo2024/build) ignored
[1.563s] Level 1:colcon.colcon_core.package_identification:_identify(/home/greyhat/Desktop/dojo2024/install) by extensions ['ignore', 'ignore_ament_install']
[1.563s] Level 1:colcon.colcon_core.package_identification:_identify(/home/greyhat/Desktop/dojo2024/install) by extension 'ignore'
[1.564s] Level 1:colcon.colcon_core.package_identification:_identify(/home/greyhat/Desktop/dojo2024/install) ignored
[1.564s] Level 1:colcon.colcon_core.package_identification:_identify(/home/greyhat/Desktop/dojo2024/log) by extensions ['ignore', 'ignore_ament_install']
[1.565s] Level 1:colcon.colcon_core.package_identification:_identify(/home/greyhat/Desktop/dojo2024/log) by extension 'ignore'
[1.565s] Level 1:colcon.colcon_core.package_identification:_identify(/home/greyhat/Desktop/dojo2024/log) ignored
[1.566s] Level 1:colcon.colcon_core.package_identification:_identify(/home/greyhat/Desktop/dojo2024/src) by extensions ['ignore', 'ignore_ament_install']
[1.566s] Level 1:colcon.colcon_core.package_identification:_identify(/home/greyhat/Desktop/dojo2024/src) by extension 'ignore'
[1.567s] Level 1:colcon.colcon_core.package_identification:_identify(/home/greyhat/Desktop/dojo2024/src) by extension 'ignore_ament_install'
[1.567s] Level 1:colcon.colcon_core.package_identification:_identify(/home/greyhat/Desktop/dojo2024/src) by extensions ['colcon_pkg']
[1.567s] Level 1:colcon.colcon_core.package_identification:_identify(/home/greyhat/Desktop/dojo2024/src) by extension 'colcon_pkg'
[1.567s] Level 1:colcon.colcon_core.package_identification:_identify(/home/greyhat/Desktop/dojo2024/src) by extensions ['colcon_meta']
[1.567s] Level 1:colcon.colcon_core.package_identification:_identify(/home/greyhat/Desktop/dojo2024/src) by extension 'colcon_meta'
[1.567s] Level 1:colcon.colcon_core.package_identification:_identify(/home/greyhat/Desktop/dojo2024/src) by extensions ['ros']
[1.568s] Level 1:colcon.colcon_core.package_identification:_identify(/home/greyhat/Desktop/dojo2024/src) by extension 'ros'
[1.568s] Level 1:colcon.colcon_core.package_identification:_identify(/home/greyhat/Desktop/dojo2024/src) by extensions ['cmake', 'python']
[1.568s] Level 1:colcon.colcon_core.package_identification:_identify(/home/greyhat/Desktop/dojo2024/src) by extension 'cmake'
[1.568s] Level 1:colcon.colcon_core.package_identification:_identify(/home/greyhat/Desktop/dojo2024/src) by extension 'python'
[1.568s] Level 1:colcon.colcon_core.package_identification:_identify(/home/greyhat/Desktop/dojo2024/src) by extensions ['python_setup_py']
[1.568s] Level 1:colcon.colcon_core.package_identification:_identify(/home/greyhat/Desktop/dojo2024/src) by extension 'python_setup_py'
[1.569s] Level 1:colcon.colcon_core.package_identification:_identify(/home/greyhat/Desktop/dojo2024/src/dojo) by extensions ['ignore', 'ignore_ament_install']
[1.569s] Level 1:colcon.colcon_core.package_identification:_identify(/home/greyhat/Desktop/dojo2024/src/dojo) by extension 'ignore'
[1.569s] Level 1:colcon.colcon_core.package_identification:_identify(/home/greyhat/Desktop/dojo2024/src/dojo) by extension 'ignore_ament_install'
[1.570s] Level 1:colcon.colcon_core.package_identification:_identify(/home/greyhat/Desktop/dojo2024/src/dojo) by extensions ['colcon_pkg']
[1.570s] Level 1:colcon.colcon_core.package_identification:_identify(/home/greyhat/Desktop/dojo2024/src/dojo) by extension 'colcon_pkg'
[1.570s] Level 1:colcon.colcon_core.package_identification:_identify(/home/greyhat/Desktop/dojo2024/src/dojo) by extensions ['colcon_meta']
[1.571s] Level 1:colcon.colcon_core.package_identification:_identify(/home/greyhat/Desktop/dojo2024/src/dojo) by extension 'colcon_meta'
[1.572s] Level 1:colcon.colcon_core.package_identification:_identify(/home/greyhat/Desktop/dojo2024/src/dojo) by extensions ['ros']
[1.572s] Level 1:colcon.colcon_core.package_identification:_identify(/home/greyhat/Desktop/dojo2024/src/dojo) by extension 'ros'
[1.579s] DEBUG:colcon.colcon_core.package_identification:Package '/home/greyhat/Desktop/dojo2024/src/dojo' with type 'ros.ament_cmake' and name 'dojo'
[1.579s] Level 1:colcon.colcon_core.package_discovery:discover_packages(recursive) using defaults
